###############################################################################
#
# IAR ELF Linker V9.70.1.475/W64 for ARM                  27/Sep/2026  20:33:11
# Copyright 2007-2025 IAR Systems AB.
#
#    Output file  =
#        D:\dev\workspace\stm32\GreenHouseSTM32h750\EWARM\GreenHouseSTM32h750\Exe\GreenHouseSTM32h750.out
#    Map file     =
#        D:\dev\workspace\stm32\GreenHouseSTM32h750\EWARM\GreenHouseSTM32h750\List\GreenHouseSTM32h750.map
#    Command line =
#        -f
#        D:\dev\workspace\stm32\GreenHouseSTM32h750\EWARM\GreenHouseSTM32h750\Exe\GreenHouseSTM32h750.out.rsp
#        (D:\dev\workspace\stm32\GreenHouseSTM32h750\EWARM\GreenHouseSTM32h750\Obj\MFile_1074774845288626846.dir\App_UI.o
#        D:\dev\workspace\stm32\GreenHouseSTM32h750\EWARM\GreenHouseSTM32h750\Obj\MFile_1074774845288626846.dir\BT_RTC_PWM.o
#        D:\dev\workspace\stm32\GreenHouseSTM32h750\EWARM\GreenHouseSTM32h750\Obj\MFile_1074774845288626846.dir\delay.o
#        D:\dev\workspace\stm32\GreenHouseSTM32h750\EWARM\GreenHouseSTM32h750\Obj\MFile_1074774845288626846.dir\GUI.o
#        D:\dev\workspace\stm32\GreenHouseSTM32h750\EWARM\GreenHouseSTM32h750\Obj\MFile_1074774845288626846.dir\lcd.o
#        D:\dev\workspace\stm32\GreenHouseSTM32h750\EWARM\GreenHouseSTM32h750\Obj\Core_13247989168731456611.dir\main.o
#        D:\dev\workspace\stm32\GreenHouseSTM32h750\EWARM\GreenHouseSTM32h750\Obj\MFile_1074774845288626846.dir\qspi_w25q64.o
#        D:\dev\workspace\stm32\GreenHouseSTM32h750\EWARM\GreenHouseSTM32h750\Obj\MFile_1074774845288626846.dir\SPI.o
#        D:\dev\workspace\stm32\GreenHouseSTM32h750\EWARM\GreenHouseSTM32h750\Obj\EWARM_18443280873093131863.dir\startup_stm32h750xx.o
#        D:\dev\workspace\stm32\GreenHouseSTM32h750\EWARM\GreenHouseSTM32h750\Obj\STM32H7xx_HAL_Driver_12323373487323971647.dir\stm32h7xx_hal.o
#        D:\dev\workspace\stm32\GreenHouseSTM32h750\EWARM\GreenHouseSTM32h750\Obj\STM32H7xx_HAL_Driver_12323373487323971647.dir\stm32h7xx_hal_cortex.o
#        D:\dev\workspace\stm32\GreenHouseSTM32h750\EWARM\GreenHouseSTM32h750\Obj\STM32H7xx_HAL_Driver_12323373487323971647.dir\stm32h7xx_hal_dma.o
#        D:\dev\workspace\stm32\GreenHouseSTM32h750\EWARM\GreenHouseSTM32h750\Obj\STM32H7xx_HAL_Driver_12323373487323971647.dir\stm32h7xx_hal_dma_ex.o
#        D:\dev\workspace\stm32\GreenHouseSTM32h750\EWARM\GreenHouseSTM32h750\Obj\STM32H7xx_HAL_Driver_12323373487323971647.dir\stm32h7xx_hal_exti.o
#        D:\dev\workspace\stm32\GreenHouseSTM32h750\EWARM\GreenHouseSTM32h750\Obj\STM32H7xx_HAL_Driver_12323373487323971647.dir\stm32h7xx_hal_flash.o
#        D:\dev\workspace\stm32\GreenHouseSTM32h750\EWARM\GreenHouseSTM32h750\Obj\STM32H7xx_HAL_Driver_12323373487323971647.dir\stm32h7xx_hal_flash_ex.o
#        D:\dev\workspace\stm32\GreenHouseSTM32h750\EWARM\GreenHouseSTM32h750\Obj\STM32H7xx_HAL_Driver_12323373487323971647.dir\stm32h7xx_hal_gpio.o
#        D:\dev\workspace\stm32\GreenHouseSTM32h750\EWARM\GreenHouseSTM32h750\Obj\STM32H7xx_HAL_Driver_12323373487323971647.dir\stm32h7xx_hal_hsem.o
#        D:\dev\workspace\stm32\GreenHouseSTM32h750\EWARM\GreenHouseSTM32h750\Obj\STM32H7xx_HAL_Driver_12323373487323971647.dir\stm32h7xx_hal_i2c.o
#        D:\dev\workspace\stm32\GreenHouseSTM32h750\EWARM\GreenHouseSTM32h750\Obj\STM32H7xx_HAL_Driver_12323373487323971647.dir\stm32h7xx_hal_i2c_ex.o
#        D:\dev\workspace\stm32\GreenHouseSTM32h750\EWARM\GreenHouseSTM32h750\Obj\STM32H7xx_HAL_Driver_12323373487323971647.dir\stm32h7xx_hal_mdma.o
#        D:\dev\workspace\stm32\GreenHouseSTM32h750\EWARM\GreenHouseSTM32h750\Obj\Core_13247989168731456611.dir\stm32h7xx_hal_msp.o
#        D:\dev\workspace\stm32\GreenHouseSTM32h750\EWARM\GreenHouseSTM32h750\Obj\STM32H7xx_HAL_Driver_12323373487323971647.dir\stm32h7xx_hal_pwr.o
#        D:\dev\workspace\stm32\GreenHouseSTM32h750\EWARM\GreenHouseSTM32h750\Obj\STM32H7xx_HAL_Driver_12323373487323971647.dir\stm32h7xx_hal_pwr_ex.o
#        D:\dev\workspace\stm32\GreenHouseSTM32h750\EWARM\GreenHouseSTM32h750\Obj\STM32H7xx_HAL_Driver_12323373487323971647.dir\stm32h7xx_hal_qspi.o
#        D:\dev\workspace\stm32\GreenHouseSTM32h750\EWARM\GreenHouseSTM32h750\Obj\STM32H7xx_HAL_Driver_12323373487323971647.dir\stm32h7xx_hal_rcc.o
#        D:\dev\workspace\stm32\GreenHouseSTM32h750\EWARM\GreenHouseSTM32h750\Obj\STM32H7xx_HAL_Driver_12323373487323971647.dir\stm32h7xx_hal_rcc_ex.o
#        D:\dev\workspace\stm32\GreenHouseSTM32h750\EWARM\GreenHouseSTM32h750\Obj\STM32H7xx_HAL_Driver_12323373487323971647.dir\stm32h7xx_hal_rtc.o
#        D:\dev\workspace\stm32\GreenHouseSTM32h750\EWARM\GreenHouseSTM32h750\Obj\STM32H7xx_HAL_Driver_12323373487323971647.dir\stm32h7xx_hal_rtc_ex.o
#        D:\dev\workspace\stm32\GreenHouseSTM32h750\EWARM\GreenHouseSTM32h750\Obj\STM32H7xx_HAL_Driver_12323373487323971647.dir\stm32h7xx_hal_spi.o
#        D:\dev\workspace\stm32\GreenHouseSTM32h750\EWARM\GreenHouseSTM32h750\Obj\STM32H7xx_HAL_Driver_12323373487323971647.dir\stm32h7xx_hal_spi_ex.o
#        D:\dev\workspace\stm32\GreenHouseSTM32h750\EWARM\GreenHouseSTM32h750\Obj\STM32H7xx_HAL_Driver_12323373487323971647.dir\stm32h7xx_hal_tim.o
#        D:\dev\workspace\stm32\GreenHouseSTM32h750\EWARM\GreenHouseSTM32h750\Obj\STM32H7xx_HAL_Driver_12323373487323971647.dir\stm32h7xx_hal_tim_ex.o
#        D:\dev\workspace\stm32\GreenHouseSTM32h750\EWARM\GreenHouseSTM32h750\Obj\STM32H7xx_HAL_Driver_12323373487323971647.dir\stm32h7xx_hal_uart.o
#        D:\dev\workspace\stm32\GreenHouseSTM32h750\EWARM\GreenHouseSTM32h750\Obj\STM32H7xx_HAL_Driver_12323373487323971647.dir\stm32h7xx_hal_uart_ex.o
#        D:\dev\workspace\stm32\GreenHouseSTM32h750\EWARM\GreenHouseSTM32h750\Obj\Core_13247989168731456611.dir\stm32h7xx_it.o
#        D:\dev\workspace\stm32\GreenHouseSTM32h750\EWARM\GreenHouseSTM32h750\Obj\STM32H7xx_HAL_Driver_12323373487323971647.dir\stm32h7xx_ll_delayblock.o
#        D:\dev\workspace\stm32\GreenHouseSTM32h750\EWARM\GreenHouseSTM32h750\Obj\CMSIS_6603591812247902717.dir\system_stm32h7xx.o
#        D:\dev\workspace\stm32\GreenHouseSTM32h750\EWARM\GreenHouseSTM32h750\Obj\MFile_1074774845288626846.dir\touch.o
#        --no_out_extension -o
#        D:\dev\workspace\stm32\GreenHouseSTM32h750\EWARM\GreenHouseSTM32h750\Exe\GreenHouseSTM32h750.out
#        --redirect _Printf=_PrintfFullNoMb --redirect _Scanf=_ScanfFullNoMb
#        --map
#        D:\dev\workspace\stm32\GreenHouseSTM32h750\EWARM\GreenHouseSTM32h750\List\GreenHouseSTM32h750.map
#        --log
#        libraries,initialization,modules,redirects,sections,veneers,unused_fragments,call_graph,crt_routine_selection,fragment_info,inlining,merging,demangle
#        --log_file
#        D:\dev\workspace\stm32\GreenHouseSTM32h750\EWARM\GreenHouseSTM32h750\List\GreenHouseSTM32h750.log
#        --config
#        D:\dev\workspace\stm32\GreenHouseSTM32h750\EWARM/stm32h750xx_flash.icf
#        --semihosting --entry __iar_program_start --vfe --text_out locale
#        --cpu=Cortex-M7 --fpu=VFPv5_d16) --diagnostics_format=sarif_stdout
#        --dependencies=n
#        D:\dev\workspace\stm32\GreenHouseSTM32h750\EWARM\GreenHouseSTM32h750\Exe\GreenHouseSTM32h750.out.iar_deps
#        --dynamic_output
#        D:\dev\workspace\stm32\GreenHouseSTM32h750\EWARM\GreenHouseSTM32h750\Exe\GreenHouseSTM32h750.out.iar_dynout
#
###############################################################################

*******************************************************************************
*** RUNTIME MODEL ATTRIBUTES
***

CppFlavor       = *
__CPP_Runtime   = 1
__SystemLibrary = DLib
__dlib_version  = 6


*******************************************************************************
*** HEAP SELECTION
***

The basic heap was selected because --advanced_heap
was not specified and the application did not appear to
be primarily optimized for speed.


*******************************************************************************
*** PLACEMENT SUMMARY
***

"A0":  place at address 0x800'0000 {  ro section .intvec };
"P1":  place in [from 0x800'0000 to 0x801'ffff] {  ro };
define block CSTACK with size = 12K, alignment = 8 { };
define block HEAP with size = 512, alignment = 8 { };
"P2":  place in [from 0x2000'0000 to 0x2001'ffff] {
           rw,  block CSTACK,  block HEAP };
"P3":  place in [from 0x2400'0000 to 0x2401'ffff] {  section DMA_RAM };
initialize by copy {  rw };

  Section            Kind         Address  Alignment    Size  Object
  -------            ----         -------  ---------    ----  ------
"A0":                                                  0x298
  .intvec            ro code   0x800'0000          4   0x298  startup_stm32h750xx.o [3]
                             - 0x800'0298              0x298

"P1":                                                 0xb2ee
  .text              ro code   0x800'0298          4  0x1868  stm32h7xx_hal_dma.o [5]
  .text              ro code   0x800'1b00          4     0xc  stm32h7xx_hal.o [5]
  .text              ro code   0x800'1b0c          4  0x11ac  stm32h7xx_hal_uart.o [5]
  .text              ro code   0x800'2cb8          4   0xbb0  stm32h7xx_hal_rcc_ex.o [5]
  .text              ro code   0x800'3868          4   0x106  I64DivMod_small.o [8]
  .text              ro code   0x800'396e          2    0x3a  packbits_init_single.o [8]
  .text              ro code   0x800'39a8          4   0x3a4  stm32h7xx_hal_rcc.o [5]
  .text              ro code   0x800'3d4c          4     0x2  I64DivZer.o [8]
  .text              ro code   0x800'3d4e          2    0x1a  xsnprout.o [6]
  .text              ro code   0x800'3d68          4    0x44  stm32h7xx_hal.o [5]
  .text              ro code   0x800'3dac          4   0x13c  stm32h7xx_hal_cortex.o [5]
  .text              ro code   0x800'3ee8          4   0xece  xprintffull_nomb.o [6]
  .text              ro code   0x800'4db6          2     0xa  xsprout.o [6]
  .text              ro code   0x800'4dc0          4    0x16  strchr.o [8]
  .rodata            const     0x800'4dd6          2     0x2  xlocale_c.o [6]
  .text              ro code   0x800'4dd8          4    0x40  xfail_s.o [6]
  .text              ro code   0x800'4e18          4    0x14  strlen_small.o [8]
  .text              ro code   0x800'4e2c          4    0x58  memchr.o [8]
  .text              ro code   0x800'4e84          4    0x18  ABImemcpy_small.o [8]
  .text              ro code   0x800'4e9c          4    0x70  frexp.o [7]
  .text              ro code   0x800'4f0c          4    0x34  DblCmpLe.o [7]
  .text              ro code   0x800'4f40          4    0x34  DblCmpGe.o [7]
  .text              ro code   0x800'4f74          4   0x104  ldexp.o [7]
  .text              ro code   0x800'5078          2     0xe  DblToS32.o [7]
  .text              ro code   0x800'5086          2     0xe  S32ToDbl.o [7]
  .text              ro code   0x800'5094          2    0x12  DblSub.o [7]
  .text              ro code   0x800'50a6          2    0x12  DblDiv.o [7]
  .text              ro code   0x800'50b8          2     0xe  DblToU32.o [7]
  .text              ro code   0x800'50c6          2     0xe  U32ToDbl.o [7]
  .text              ro code   0x800'50d4          2    0x12  DblMul.o [7]
  .text              ro code   0x800'50e6          2     0x2  stm32h7xx_hal_uart.o [5]
  .text              ro code   0x800'50e8          4     0x8  xlocale_c.o [6]
  .text              ro code   0x800'50f0          2     0x6  abort.o [6]
  .text              ro code   0x800'50f6          2     0x2  stm32h7xx_hal_uart.o [5]
  .text              ro code   0x800'50f8          4    0x14  exit.o [9]
  .rodata            const     0x800'510c          4   0xa64  GUI.o [4]
  .text              ro code   0x800'5b70          4   0x878  stm32h7xx_hal_tim.o [5]
  .text              ro code   0x800'63e8          4   0x3c0  stm32h7xx_hal_msp.o [2]
  .text              ro code   0x800'67a8          2     0x2  stm32h7xx_hal_tim.o [5]
  .text              ro code   0x800'67aa          2     0x2  stm32h7xx_hal_uart.o [5]
  .text              ro code   0x800'67ac          4    0x12  ABImemset_small.o [8]
  .text              ro code   0x800'67be          2     0x2  stm32h7xx_hal_uart.o [5]
  .text              ro code   0x800'67c0          4   0x6f0  main.o [2]
  .text              ro code   0x800'6eb0          4   0x214  stm32h7xx_hal_gpio.o [5]
  .text              ro code   0x800'70c4          4   0x638  BT_RTC_PWM.o [4]
  .text              ro code   0x800'76fc          4    0x68  stm32h7xx_hal.o [5]
  .text              ro code   0x800'7764          4   0x858  stm32h7xx_hal_spi.o [5]
  .text              ro code   0x800'7fbc          4   0x5b6  stm32h7xx_hal_qspi.o [5]
  .text              ro code   0x800'8572          2     0x2  stm32h7xx_hal_uart.o [5]
  .text              ro code   0x800'8574          4   0x53a  stm32h7xx_hal_rtc.o [5]
  .text              ro code   0x800'8aae          2     0x2  stm32h7xx_hal_uart.o [5]
  .text              ro code   0x800'8ab0          4    0x1c  stm32h7xx_hal_rtc_ex.o [5]
  .text              ro code   0x800'8acc          4    0xa0  stm32h7xx_hal_tim_ex.o [5]
  .text              ro code   0x800'8b6c          4    0xf4  stm32h7xx_hal_uart_ex.o [5]
  .text              ro code   0x800'8c60          4   0x36c  qspi_w25q64.o [4]
  .text              ro code   0x800'8fcc          4    0x44  delay.o [4]
  .text              ro code   0x800'9010          4   0x444  lcd.o [4]
  .text              ro code   0x800'9454          4   0x83c  touch.o [4]
  .text              ro code   0x800'9c90          4   0x750  App_UI.o [4]
  .text              ro code   0x800'a3e0          4    0x40  sprintf.o [6]
  .text              ro code   0x800'a420          4    0x28  stm32h7xx_hal.o [5]
  .text              ro code   0x800'a448          4    0x50  stm32h7xx_hal_pwr_ex.o [5]
  .text              ro code   0x800'a498          4    0x10  stm32h7xx_hal_pwr.o [5]
  .text              ro code   0x800'a4a8          4   0x514  stm32h7xx_hal_rcc.o [5]
  .text              ro code   0x800'a9bc          4    0x44  snprintf.o [6]
  .text              ro code   0x800'aa00          4     0x6  ABImemclr4.o [8]
  .text              ro code   0x800'aa06          2     0x2  stm32h7xx_hal_spi.o [5]
  .text              ro code   0x800'aa08          2     0x2  stm32h7xx_hal_spi.o [5]
  .text              ro code   0x800'aa0a          2     0x2  stm32h7xx_hal_spi.o [5]
  .text              ro code   0x800'aa0c          4    0xac  SPI.o [4]
  .text              ro code   0x800'aab8          2     0x2  stm32h7xx_hal_spi.o [5]
  .text              ro code   0x800'aaba          2     0x2  stm32h7xx_hal_spi.o [5]
  .text              ro code   0x800'aabc          4    0x7a  stm32h7xx_hal_mdma.o [5]
  .text              ro code   0x800'ab36          2     0x2  stm32h7xx_hal_uart.o [5]
  .text              ro code   0x800'ab38          4   0x368  GUI.o [4]
  .text              ro code   0x800'aea0          4    0x1e  sqrt.o [7]
  .text              ro code   0x800'aebe          2     0x2  stm32h7xx_hal_uart.o [5]
  .text              ro code   0x800'aec0          4    0x12  strcmp.o [8]
  .text              ro code   0x800'aed2          2     0x2  stm32h7xx_hal_uart_ex.o [5]
  .text              ro code   0x800'aed4          4    0x18  strcpy.o [8]
  .text              ro code   0x800'aeec          4    0x32  ABImemset48.o [8]
  .text              ro code   0x800'af1e          2     0x2  stm32h7xx_hal_uart_ex.o [5]
  .text              ro code   0x800'af20          4    0xec  system_stm32h7xx.o [1]
  .text              ro code   0x800'b00c          4    0xbc  stm32h7xx_it.o [2]
  .text              ro code   0x800'b0c8          4    0x10  stm32h7xx_hal.o [5]
  .text              ro code   0x800'b0d8          2    0x38  zero_init3.o [8]
  .text              ro code   0x800'b110          4    0x28  data_init.o [8]
  .rodata            const     0x800'b138          4    0x24  BT_RTC_PWM.o [4]
  .text              ro code   0x800'b15c          4    0x22  fpinit_M.o [7]
  .text              ro code   0x800'b17e          2     0x2  stm32h7xx_hal_uart_ex.o [5]
  .text              ro code   0x800'b180          4    0x22  cmain.o [8]
  .text              ro code   0x800'b1a2          2     0x4  low_level_init.o [6]
  .text              ro code   0x800'b1a6          2     0x4  exit.o [6]
  .rodata            const     0x800'b1aa                0x1  App_UI.o [4]
  .rodata            const     0x800'b1ab                0x1  xlocale_c.o [6]
  .text              ro code   0x800'b1ac          4     0x4  cexit.o [8]
  .text              ro code   0x800'b1b0          4     0xa  cexit_2.o [8]
  .iar.init_table    const     0x800'b1bc          4    0x28  - Linker created -
  .rodata            const     0x800'b1e4          4    0x20  App_UI.o [4]
  .text              ro code   0x800'b204          4    0x1e  cstartup_M.o [8]
  .text              ro code   0x800'b224          4    0x18  startup_stm32h750xx.o [3]
  .rodata            const     0x800'b23c          4     0xc  App_UI.o [4]
  .rodata            const     0x800'b248          4     0xc  App_UI.o [4]
  .rodata            const     0x800'b254          4     0xc  App_UI.o [4]
  .rodata            const     0x800'b260          4     0xc  App_UI.o [4]
  .rodata            const     0x800'b26c          4     0xc  App_UI.o [4]
  .rodata            const     0x800'b278          4     0xc  App_UI.o [4]
  .rodata            const     0x800'b284          4     0x8  App_UI.o [4]
  .rodata            const     0x800'b28c          4     0x4  App_UI.o [4]
  .rodata            const     0x800'b290          4     0x4  App_UI.o [4]
  .rodata            const     0x800'b294          4     0x4  App_UI.o [4]
  .rodata            const     0x800'b298          4     0x4  App_UI.o [4]
  .rodata            const     0x800'b29c          4     0x4  App_UI.o [4]
  .rodata            const     0x800'b2a0          4     0x4  App_UI.o [4]
  .rodata            const     0x800'b2a4          4     0x4  App_UI.o [4]
  .text              ro code   0x800'b2a8          2     0x4  startup_stm32h750xx.o [3]
  .text              ro code   0x800'b2ac          2     0x4  startup_stm32h750xx.o [3]
  .text              ro code   0x800'b2b0          2     0x4  startup_stm32h750xx.o [3]
  .text              ro code   0x800'b2b4          2     0x4  startup_stm32h750xx.o [3]
  .text              ro code   0x800'b2b8          2     0x4  startup_stm32h750xx.o [3]
  .text              ro code   0x800'b2bc          2     0x4  startup_stm32h750xx.o [3]
  .text              ro code   0x800'b2c0          2     0x4  startup_stm32h750xx.o [3]
  .text              ro code   0x800'b2c4          2     0x4  startup_stm32h750xx.o [3]
  .text              ro code   0x800'b2c8          2     0x4  startup_stm32h750xx.o [3]
  .text              ro code   0x800'b2cc          2     0x4  startup_stm32h750xx.o [3]
  .text              ro code   0x800'b2d0          2     0x4  startup_stm32h750xx.o [3]
  .text              ro code   0x800'b2d4          2     0x4  startup_stm32h750xx.o [3]
  .text              ro code   0x800'b2d8          2     0x4  startup_stm32h750xx.o [3]
  .text              ro code   0x800'b2dc          2     0x4  startup_stm32h750xx.o [3]
  .text              ro code   0x800'b2e0          2     0x4  startup_stm32h750xx.o [3]
  .text              ro code   0x800'b2e4          2     0x4  startup_stm32h750xx.o [3]
  .text              ro code   0x800'b2e8          2     0x4  startup_stm32h750xx.o [3]
  .text              ro code   0x800'b2ec          2     0x4  startup_stm32h750xx.o [3]
  .text              ro code   0x800'b2f0          2     0x4  startup_stm32h750xx.o [3]
  .text              ro code   0x800'b2f4          2     0x4  startup_stm32h750xx.o [3]
  .text              ro code   0x800'b2f8          2     0x4  startup_stm32h750xx.o [3]
  .text              ro code   0x800'b2fc          2     0x4  startup_stm32h750xx.o [3]
  .text              ro code   0x800'b300          2     0x4  startup_stm32h750xx.o [3]
  .text              ro code   0x800'b304          2     0x4  startup_stm32h750xx.o [3]
  .text              ro code   0x800'b308          2     0x4  startup_stm32h750xx.o [3]
  .text              ro code   0x800'b30c          2     0x4  startup_stm32h750xx.o [3]
  .text              ro code   0x800'b310          2     0x4  startup_stm32h750xx.o [3]
  .text              ro code   0x800'b314          2     0x4  startup_stm32h750xx.o [3]
  .text              ro code   0x800'b318          2     0x4  startup_stm32h750xx.o [3]
  .text              ro code   0x800'b31c          2     0x4  startup_stm32h750xx.o [3]
  .text              ro code   0x800'b320          2     0x4  startup_stm32h750xx.o [3]
  .text              ro code   0x800'b324          2     0x4  startup_stm32h750xx.o [3]
  .text              ro code   0x800'b328          2     0x4  startup_stm32h750xx.o [3]
  .text              ro code   0x800'b32c          2     0x4  startup_stm32h750xx.o [3]
  .text              ro code   0x800'b330          2     0x4  startup_stm32h750xx.o [3]
  .text              ro code   0x800'b334          2     0x4  startup_stm32h750xx.o [3]
  .text              ro code   0x800'b338          2     0x4  startup_stm32h750xx.o [3]
  .text              ro code   0x800'b33c          2     0x4  startup_stm32h750xx.o [3]
  .text              ro code   0x800'b340          2     0x4  startup_stm32h750xx.o [3]
  .text              ro code   0x800'b344          2     0x4  startup_stm32h750xx.o [3]
  .text              ro code   0x800'b348          2     0x4  startup_stm32h750xx.o [3]
  .text              ro code   0x800'b34c          2     0x4  startup_stm32h750xx.o [3]
  .text              ro code   0x800'b350          2     0x4  startup_stm32h750xx.o [3]
  .text              ro code   0x800'b354          2     0x4  startup_stm32h750xx.o [3]
  .text              ro code   0x800'b358          2     0x4  startup_stm32h750xx.o [3]
  .text              ro code   0x800'b35c          2     0x4  startup_stm32h750xx.o [3]
  .text              ro code   0x800'b360          2     0x4  startup_stm32h750xx.o [3]
  .text              ro code   0x800'b364          2     0x4  startup_stm32h750xx.o [3]
  .text              ro code   0x800'b368          2     0x4  startup_stm32h750xx.o [3]
  .text              ro code   0x800'b36c          2     0x4  startup_stm32h750xx.o [3]
  .text              ro code   0x800'b370          2     0x4  startup_stm32h750xx.o [3]
  .text              ro code   0x800'b374          2     0x4  startup_stm32h750xx.o [3]
  .text              ro code   0x800'b378          2     0x4  startup_stm32h750xx.o [3]
  .text              ro code   0x800'b37c          2     0x4  startup_stm32h750xx.o [3]
  .text              ro code   0x800'b380          2     0x4  startup_stm32h750xx.o [3]
  .text              ro code   0x800'b384          2     0x4  startup_stm32h750xx.o [3]
  .text              ro code   0x800'b388          2     0x4  startup_stm32h750xx.o [3]
  .text              ro code   0x800'b38c          2     0x4  startup_stm32h750xx.o [3]
  .text              ro code   0x800'b390          2     0x4  startup_stm32h750xx.o [3]
  .text              ro code   0x800'b394          2     0x4  startup_stm32h750xx.o [3]
  .text              ro code   0x800'b398          2     0x4  startup_stm32h750xx.o [3]
  .text              ro code   0x800'b39c          2     0x4  startup_stm32h750xx.o [3]
  .text              ro code   0x800'b3a0          2     0x4  startup_stm32h750xx.o [3]
  .text              ro code   0x800'b3a4          2     0x4  startup_stm32h750xx.o [3]
  .text              ro code   0x800'b3a8          2     0x4  startup_stm32h750xx.o [3]
  .text              ro code   0x800'b3ac          2     0x4  startup_stm32h750xx.o [3]
  .text              ro code   0x800'b3b0          2     0x4  startup_stm32h750xx.o [3]
  .text              ro code   0x800'b3b4          2     0x4  startup_stm32h750xx.o [3]
  .text              ro code   0x800'b3b8          2     0x4  startup_stm32h750xx.o [3]
  .text              ro code   0x800'b3bc          2     0x4  startup_stm32h750xx.o [3]
  .text              ro code   0x800'b3c0          2     0x4  startup_stm32h750xx.o [3]
  .text              ro code   0x800'b3c4          2     0x4  startup_stm32h750xx.o [3]
  .text              ro code   0x800'b3c8          2     0x4  startup_stm32h750xx.o [3]
  .text              ro code   0x800'b3cc          2     0x4  startup_stm32h750xx.o [3]
  .text              ro code   0x800'b3d0          2     0x4  startup_stm32h750xx.o [3]
  .text              ro code   0x800'b3d4          2     0x4  startup_stm32h750xx.o [3]
  .text              ro code   0x800'b3d8          2     0x4  startup_stm32h750xx.o [3]
  .text              ro code   0x800'b3dc          2     0x4  startup_stm32h750xx.o [3]
  .text              ro code   0x800'b3e0          2     0x4  startup_stm32h750xx.o [3]
  .text              ro code   0x800'b3e4          2     0x4  startup_stm32h750xx.o [3]
  .text              ro code   0x800'b3e8          2     0x4  startup_stm32h750xx.o [3]
  .text              ro code   0x800'b3ec          2     0x4  startup_stm32h750xx.o [3]
  .text              ro code   0x800'b3f0          2     0x4  startup_stm32h750xx.o [3]
  .text              ro code   0x800'b3f4          2     0x4  startup_stm32h750xx.o [3]
  .text              ro code   0x800'b3f8          2     0x4  startup_stm32h750xx.o [3]
  .text              ro code   0x800'b3fc          2     0x4  startup_stm32h750xx.o [3]
  .text              ro code   0x800'b400          2     0x4  startup_stm32h750xx.o [3]
  .text              ro code   0x800'b404          2     0x4  startup_stm32h750xx.o [3]
  .text              ro code   0x800'b408          2     0x4  startup_stm32h750xx.o [3]
  .text              ro code   0x800'b40c          2     0x4  startup_stm32h750xx.o [3]
  .text              ro code   0x800'b410          2     0x4  startup_stm32h750xx.o [3]
  .text              ro code   0x800'b414          2     0x4  startup_stm32h750xx.o [3]
  .text              ro code   0x800'b418          2     0x4  startup_stm32h750xx.o [3]
  .text              ro code   0x800'b41c          2     0x4  startup_stm32h750xx.o [3]
  .text              ro code   0x800'b420          2     0x4  startup_stm32h750xx.o [3]
  .text              ro code   0x800'b424          2     0x4  startup_stm32h750xx.o [3]
  .text              ro code   0x800'b428          2     0x4  startup_stm32h750xx.o [3]
  .text              ro code   0x800'b42c          2     0x4  startup_stm32h750xx.o [3]
  .text              ro code   0x800'b430          2     0x4  startup_stm32h750xx.o [3]
  .text              ro code   0x800'b434          2     0x4  startup_stm32h750xx.o [3]
  .text              ro code   0x800'b438          2     0x4  startup_stm32h750xx.o [3]
  .text              ro code   0x800'b43c          2     0x4  startup_stm32h750xx.o [3]
  .text              ro code   0x800'b440          2     0x4  startup_stm32h750xx.o [3]
  .text              ro code   0x800'b444          2     0x4  startup_stm32h750xx.o [3]
  .text              ro code   0x800'b448          2     0x4  startup_stm32h750xx.o [3]
  .text              ro code   0x800'b44c          2     0x4  startup_stm32h750xx.o [3]
  .text              ro code   0x800'b450          2     0x4  startup_stm32h750xx.o [3]
  .text              ro code   0x800'b454          2     0x4  startup_stm32h750xx.o [3]
  .text              ro code   0x800'b458          2     0x4  startup_stm32h750xx.o [3]
  .text              ro code   0x800'b45c          2     0x4  startup_stm32h750xx.o [3]
  .text              ro code   0x800'b460          2     0x4  startup_stm32h750xx.o [3]
  .text              ro code   0x800'b464          2     0x4  startup_stm32h750xx.o [3]
  .text              ro code   0x800'b468          2     0x4  startup_stm32h750xx.o [3]
  .text              ro code   0x800'b46c          2     0x4  startup_stm32h750xx.o [3]
  .text              ro code   0x800'b470          2     0x4  startup_stm32h750xx.o [3]
  .text              ro code   0x800'b474          2     0x4  startup_stm32h750xx.o [3]
  .text              ro code   0x800'b478          2     0x4  startup_stm32h750xx.o [3]
  .text              ro code   0x800'b47c          2     0x4  startup_stm32h750xx.o [3]
  .text              ro code   0x800'b480          2     0x4  startup_stm32h750xx.o [3]
  .text              ro code   0x800'b484          2     0x4  startup_stm32h750xx.o [3]
  .text              ro code   0x800'b488          2     0x4  startup_stm32h750xx.o [3]
  .text              ro code   0x800'b48c          2     0x4  startup_stm32h750xx.o [3]
  .text              ro code   0x800'b490          2     0x4  startup_stm32h750xx.o [3]
  .text              ro code   0x800'b494          2     0x4  startup_stm32h750xx.o [3]
  .text              ro code   0x800'b498          2     0x4  startup_stm32h750xx.o [3]
  .text              ro code   0x800'b49c          2     0x4  startup_stm32h750xx.o [3]
  .text              ro code   0x800'b4a0          2     0x4  startup_stm32h750xx.o [3]
  .text              ro code   0x800'b4a4          2     0x4  startup_stm32h750xx.o [3]
  .text              ro code   0x800'b4a8          2     0x4  startup_stm32h750xx.o [3]
  .text              ro code   0x800'b4ac          2     0x4  startup_stm32h750xx.o [3]
  .text              ro code   0x800'b4b0          2     0x4  startup_stm32h750xx.o [3]
  .text              ro code   0x800'b4b4          2     0x4  startup_stm32h750xx.o [3]
  .text              ro code   0x800'b4b8          2     0x4  startup_stm32h750xx.o [3]
  .text              ro code   0x800'b4bc          2     0x4  startup_stm32h750xx.o [3]
  .text              ro code   0x800'b4c0          2     0x4  startup_stm32h750xx.o [3]
  .text              ro code   0x800'b4c4          2     0x4  startup_stm32h750xx.o [3]
  .text              ro code   0x800'b4c8          2     0x4  startup_stm32h750xx.o [3]
  .rodata            const     0x800'b4cc                0x0  zero_init3.o [8]
  .rodata            const     0x800'b4cc                0x0  packbits_init_single.o [8]
  Initializer bytes  const     0x800'b4cc               0xba  <for P2-1>
                             - 0x800'b586             0xb2ee

"P2", part 1 of 3:                                     0x123
  P2-1                        0x2000'0000              0x123  <Init block>
    .data            inited   0x2000'0000          4    0x6c  App_UI.o [4]
    .data            inited   0x2000'006c          4    0x14  App_UI.o [4]
    .data            inited   0x2000'0080          4    0x24  App_UI.o [4]
    .data            inited   0x2000'00a4          4     0xc  stm32h7xx_hal.o [5]
    .data            inited   0x2000'00b0          4     0x8  system_stm32h7xx.o [1]
    .data            inited   0x2000'00b8          4    0x28  touch.o [4]
    .data            inited   0x2000'00e0          4    0x38  xlocale_c.o [6]
    .data            inited   0x2000'0118          2     0x2  lcd.o [4]
    .data            inited   0x2000'011a                0x7  BT_RTC_PWM.o [4]
    .data            inited   0x2000'0121                0x2  touch.o [4]
                            - 0x2000'0123              0x123

"P2", part 2 of 3:                                     0x5a0
  .bss               zero     0x2000'0124          4   0x298  main.o [2]
  .bss               zero     0x2000'03bc          4   0x1cc  BT_RTC_PWM.o [4]
  .bss               zero     0x2000'0588          4    0x78  main.o [2]
  .bss               zero     0x2000'0600          4    0x44  BT_RTC_PWM.o [4]
  .bss               zero     0x2000'0644          4    0x40  BT_RTC_PWM.o [4]
  .bss               zero     0x2000'0684          4    0x1c  stm32h7xx_it.o [2]
  .bss               zero     0x2000'06a0          4    0x10  lcd.o [4]
  .bss               zero     0x2000'06b0          4     0x8  BT_RTC_PWM.o [4]
  .bss               zero     0x2000'06b8          4     0x4  delay.o [4]
  .bss               zero     0x2000'06bc          4     0x4  xfail_s.o [6]
  .bss               zero     0x2000'06c0          2     0x2  lcd.o [4]
  .bss               zero     0x2000'06c2                0x1  SPI.o [4]
                            - 0x2000'06c3              0x59f

"P2", part 3 of 3:                                    0x3000
  CSTACK                      0x2000'06c8          8  0x3000  <Block>
    CSTACK           uninit   0x2000'06c8             0x3000  <Block tail>
                            - 0x2000'36c8             0x3000

"P3":                                                  0x780
  DMA_RAM            zero     0x2400'0000          4   0x3c0  App_UI.o [4]
  DMA_RAM            zero     0x2400'03c0          4   0x3c0  App_UI.o [4]
                            - 0x2400'0780              0x780

Unused ranges:

         From           To      Size
         ----           --      ----
   0x800'b586   0x801'ffff  0x1'4a7a
  0x2000'0123  0x2000'0123       0x1
  0x2000'06c4  0x2000'06c7       0x4
  0x2000'36c8  0x2001'ffff  0x1'c938
  0x2400'0780  0x2401'ffff  0x1'f880


*******************************************************************************
*** INIT TABLE
***

          Address      Size
          -------      ----
Zero (__iar_zero_init3)
    2 destination ranges, total size 0xd1f:
          0x2000'0124  0x59f
          0x2400'0000  0x780

Copy/packbits (__iar_packbits_init_single3)
    1 source range, total size 0xba (63% of destination):
           0x800'b4cc   0xba
    1 destination range, total size 0x123:
          0x2000'0000  0x123



*******************************************************************************
*** MODULE SUMMARY
***

    Module                   ro code  ro data  rw data
    ------                   -------  -------  -------
command line/config:
    --------------------------------------------------
    Total:

D:\dev\workspace\stm32\GreenHouseSTM32h750\EWARM\GreenHouseSTM32h750\Obj\CMSIS_6603591812247902717.dir: [1]
    system_stm32h7xx.o           236        5        8
    --------------------------------------------------
    Total:                       236        5        8

D:\dev\workspace\stm32\GreenHouseSTM32h750\EWARM\GreenHouseSTM32h750\Obj\Core_13247989168731456611.dir: [2]
    main.o                     1'776               784
    stm32h7xx_hal_msp.o          960
    stm32h7xx_it.o               188                28
    --------------------------------------------------
    Total:                     2'924               812

D:\dev\workspace\stm32\GreenHouseSTM32h750\EWARM\GreenHouseSTM32h750\Obj\EWARM_18443280873093131863.dir: [3]
    startup_stm32h750xx.o      1'236
    --------------------------------------------------
    Total:                     1'236

D:\dev\workspace\stm32\GreenHouseSTM32h750\EWARM\GreenHouseSTM32h750\Obj\MFile_1074774845288626846.dir: [4]
    App_UI.o                   1'872      245    2'084
    BT_RTC_PWM.o               1'592       40      607
    GUI.o                        872    2'660
    SPI.o                        172                 1
    delay.o                       68                 4
    lcd.o                      1'092        2       20
    qspi_w25q64.o                876
    touch.o                    2'108       27       42
    --------------------------------------------------
    Total:                     8'652    2'974    2'758

D:\dev\workspace\stm32\GreenHouseSTM32h750\EWARM\GreenHouseSTM32h750\Obj\STM32H7xx_HAL_Driver_12323373487323971647.dir: [5]
    stm32h7xx_hal.o              240        8       12
    stm32h7xx_hal_cortex.o       316
    stm32h7xx_hal_dma.o        6'248
    stm32h7xx_hal_gpio.o         532
    stm32h7xx_hal_mdma.o         122
    stm32h7xx_hal_pwr.o           16
    stm32h7xx_hal_pwr_ex.o        80
    stm32h7xx_hal_qspi.o       1'462
    stm32h7xx_hal_rcc.o        2'232
    stm32h7xx_hal_rcc_ex.o     2'992
    stm32h7xx_hal_rtc.o        1'338
    stm32h7xx_hal_rtc_ex.o        28
    stm32h7xx_hal_spi.o        2'146
    stm32h7xx_hal_tim.o        2'170
    stm32h7xx_hal_tim_ex.o       160
    stm32h7xx_hal_uart.o       4'540
    stm32h7xx_hal_uart_ex.o      250
    --------------------------------------------------
    Total:                    24'872        8       12

dl7M_tlf.a: [6]
    abort.o                        6
    exit.o                         4
    low_level_init.o               4
    snprintf.o                    68
    sprintf.o                     64
    xfail_s.o                     64                 4
    xlocale_c.o                    8       38       56
    xprintffull_nomb.o         3'790
    xsnprout.o                    26
    xsprout.o                     10
    --------------------------------------------------
    Total:                     4'044       38       60

m7M_tlv.a: [7]
    DblCmpGe.o                    52
    DblCmpLe.o                    52
    DblDiv.o                      18
    DblMul.o                      18
    DblSub.o                      18
    DblToS32.o                    14
    DblToU32.o                    14
    S32ToDbl.o                    14
    U32ToDbl.o                    14
    fpinit_M.o                    34
    frexp.o                      112
    ldexp.o                      260
    sqrt.o                        30
    --------------------------------------------------
    Total:                       650

rt7M_tl.a: [8]
    ABImemclr4.o                   6
    ABImemcpy_small.o             24
    ABImemset48.o                 50
    ABImemset_small.o             18
    I64DivMod_small.o            262
    I64DivZer.o                    2
    cexit.o                        4
    cexit_2.o                     10
    cmain.o                       34
    cstartup_M.o                  30
    data_init.o                   40
    memchr.o                      88
    packbits_init_single.o        58
    strchr.o                      22
    strcmp.o                      18
    strcpy.o                      24
    strlen_small.o                20
    zero_init3.o                  56
    --------------------------------------------------
    Total:                       766

shb_l.a: [9]
    exit.o                        20
    --------------------------------------------------
    Total:                        20

    Gaps                           2        2
    Linker created                         41   12'288
------------------------------------------------------
    Grand Total:              43'402    3'068   15'938


*******************************************************************************
*** ENTRY LIST
***

Entry                       Address   Size  Type      Object
-----                       -------   ----  ----      ------
.iar.init_table$$Base    0x800'b1bc          --   Gb  - Linker created -
.iar.init_table$$Limit   0x800'b1e4          --   Gb  - Linker created -
?main                    0x800'b181         Code  Gb  cmain.o [8]
ADC3_IRQHandler          0x800'b47d         Code  Wk  startup_stm32h750xx.o [3]
ADC_IRQHandler           0x800'b2ed         Code  Wk  startup_stm32h750xx.o [3]
Arm_Schedule             0x800'70c5    0x4  Code  Gb  BT_RTC_PWM.o [4]
BACK_COLOR              0x2000'0118    0x2  Data  Gb  lcd.o [4]
BDMA_Channel0_IRQHandler
                         0x800'b485         Code  Wk  startup_stm32h750xx.o [3]
BDMA_Channel1_IRQHandler
                         0x800'b489         Code  Wk  startup_stm32h750xx.o [3]
BDMA_Channel2_IRQHandler
                         0x800'b48d         Code  Wk  startup_stm32h750xx.o [3]
BDMA_Channel3_IRQHandler
                         0x800'b491         Code  Wk  startup_stm32h750xx.o [3]
BDMA_Channel4_IRQHandler
                         0x800'b495         Code  Wk  startup_stm32h750xx.o [3]
BDMA_Channel5_IRQHandler
                         0x800'b499         Code  Wk  startup_stm32h750xx.o [3]
BDMA_Channel6_IRQHandler
                         0x800'b49d         Code  Wk  startup_stm32h750xx.o [3]
BDMA_Channel7_IRQHandler
                         0x800'b4a1         Code  Wk  startup_stm32h750xx.o [3]
BT_CheckTimeout          0x800'7473   0x20  Code  Gb  BT_RTC_PWM.o [4]
BT_Process               0x800'7493   0xa8  Code  Gb  BT_RTC_PWM.o [4]
BT_UART_ByteReceived     0x800'73d7   0x9c  Code  Gb  BT_RTC_PWM.o [4]
BT_UART_Init             0x800'73ad   0x2a  Code  Gb  BT_RTC_PWM.o [4]
BusFault_Handler         0x800'b093    0x2  Code  Gb  stm32h7xx_it.o [2]
Button_Hit               0x800'a007   0x22  Code  Gb  App_UI.o [4]
CEC_IRQHandler           0x800'b401         Code  Wk  startup_stm32h750xx.o [3]
CMD_RDX                 0x2000'0121    0x1  Data  Gb  touch.o [4]
CMD_RDY                 0x2000'0122    0x1  Data  Gb  touch.o [4]
COMP1_IRQHandler         0x800'b4a5         Code  Wk  startup_stm32h750xx.o [3]
CRS_IRQHandler           0x800'b4bd         Code  Wk  startup_stm32h750xx.o [3]
CRYP_IRQHandler          0x800'b3c9         Code  Wk  startup_stm32h750xx.o [3]
CSTACK$$Base            0x2000'06c8          --   Gb  - Linker created -
CSTACK$$Limit           0x2000'36c8          --   Gb  - Linker created -
D1CorePrescTable         0x800'affc   0x10  Data  Gb  system_stm32h7xx.o [1]
DCMI_IRQHandler          0x800'b3c5         Code  Wk  startup_stm32h750xx.o [3]
DFSDM1_FLT0_IRQHandler   0x800'b441         Code  Wk  startup_stm32h750xx.o [3]
DFSDM1_FLT1_IRQHandler   0x800'b445         Code  Wk  startup_stm32h750xx.o [3]
DFSDM1_FLT2_IRQHandler   0x800'b449         Code  Wk  startup_stm32h750xx.o [3]
DFSDM1_FLT3_IRQHandler   0x800'b44d         Code  Wk  startup_stm32h750xx.o [3]
DMA1_Stream0_IRQHandler
                         0x800'b0a1    0x6  Code  Gb  stm32h7xx_it.o [2]
DMA1_Stream1_IRQHandler
                         0x800'b2d5         Code  Wk  startup_stm32h750xx.o [3]
DMA1_Stream2_IRQHandler
                         0x800'b2d9         Code  Wk  startup_stm32h750xx.o [3]
DMA1_Stream3_IRQHandler
                         0x800'b2dd         Code  Wk  startup_stm32h750xx.o [3]
DMA1_Stream4_IRQHandler
                         0x800'b2e1         Code  Wk  startup_stm32h750xx.o [3]
DMA1_Stream5_IRQHandler
                         0x800'b2e5         Code  Wk  startup_stm32h750xx.o [3]
DMA1_Stream6_IRQHandler
                         0x800'b2e9         Code  Wk  startup_stm32h750xx.o [3]
DMA1_Stream7_IRQHandler
                         0x800'b359         Code  Wk  startup_stm32h750xx.o [3]
DMA2D_IRQHandler         0x800'b3f1         Code  Wk  startup_stm32h750xx.o [3]
DMA2_Stream0_IRQHandler
                         0x800'b37d         Code  Wk  startup_stm32h750xx.o [3]
DMA2_Stream1_IRQHandler
                         0x800'b381         Code  Wk  startup_stm32h750xx.o [3]
DMA2_Stream2_IRQHandler
                         0x800'b385         Code  Wk  startup_stm32h750xx.o [3]
DMA2_Stream3_IRQHandler
                         0x800'b389         Code  Wk  startup_stm32h750xx.o [3]
DMA2_Stream4_IRQHandler
                         0x800'b38d         Code  Wk  startup_stm32h750xx.o [3]
DMA2_Stream5_IRQHandler
                         0x800'b39d         Code  Wk  startup_stm32h750xx.o [3]
DMA2_Stream6_IRQHandler
                         0x800'b3a1         Code  Wk  startup_stm32h750xx.o [3]
DMA2_Stream7_IRQHandler
                         0x800'b3a5         Code  Wk  startup_stm32h750xx.o [3]
DMAMUX1_OVR_IRQHandler   0x800'b421         Code  Wk  startup_stm32h750xx.o [3]
DMAMUX2_OVR_IRQHandler   0x800'b481         Code  Wk  startup_stm32h750xx.o [3]
DMA_CalcBaseAndBitshift
                         0x800'18ed   0x92  Code  Lc  stm32h7xx_hal_dma.o [5]
DMA_CalcBaseAndBitshift{1}{2}::flagBitshiftOffset
                         0x800'1af8    0x8  Data  Lc  stm32h7xx_hal_dma.o [5]
DMA_CalcDMAMUXChannelBaseAndMask
                         0x800'19a5   0x76  Code  Lc  stm32h7xx_hal_dma.o [5]
DMA_CalcDMAMUXRequestGenBaseAndMask
                         0x800'1a39   0x60  Code  Lc  stm32h7xx_hal_dma.o [5]
DMA_SetConfig            0x800'1755  0x18e  Code  Lc  stm32h7xx_hal_dma.o [5]
DebugMon_Handler         0x800'b099    0x2  Code  Gb  stm32h7xx_it.o [2]
Disarm_Schedule          0x800'70c9    0x2  Code  Gb  BT_RTC_PWM.o [4]
Draw_Button              0x800'9e77   0x64  Code  Gb  App_UI.o [4]
Draw_Config_Screen       0x800'9f51   0x98  Code  Gb  App_UI.o [4]
Draw_Image_Screen        0x800'9f15   0x3c  Code  Gb  App_UI.o [4]
Draw_Main_Screen         0x800'9edb   0x3a  Code  Gb  App_UI.o [4]
Draw_Time_Date           0x800'9ca7  0x12c  Code  Gb  App_UI.o [4]
Draw_Time_Date::last    0x2000'0000   0x14  Data  Lc  App_UI.o [4]
Draw_Time_Date_Compact   0x800'a101   0x7e  Code  Gb  App_UI.o [4]
Draw_Time_Date_Compact::last
                        0x2000'006c   0x14  Data  Lc  App_UI.o [4]
ECC_IRQHandler           0x800'b4c1         Code  Wk  startup_stm32h750xx.o [3]
ETH_IRQHandler           0x800'b391         Code  Wk  startup_stm32h750xx.o [3]
ETH_WKUP_IRQHandler      0x800'b395         Code  Wk  startup_stm32h750xx.o [3]
EXTI0_IRQHandler         0x800'b2c1         Code  Wk  startup_stm32h750xx.o [3]
EXTI15_10_IRQHandler     0x800'b341         Code  Wk  startup_stm32h750xx.o [3]
EXTI1_IRQHandler         0x800'b2c5         Code  Wk  startup_stm32h750xx.o [3]
EXTI2_IRQHandler         0x800'b2c9         Code  Wk  startup_stm32h750xx.o [3]
EXTI3_IRQHandler         0x800'b2cd         Code  Wk  startup_stm32h750xx.o [3]
EXTI4_IRQHandler         0x800'b2d1         Code  Wk  startup_stm32h750xx.o [3]
EXTI9_5_IRQHandler       0x800'b301         Code  Wk  startup_stm32h750xx.o [3]
Enter_Config_Screen      0x800'a181   0x28  Code  Gb  App_UI.o [4]
Error_Handler            0x800'6e9d    0x4  Code  Gb  main.o [2]
ExitRun0Mode             0x800'afbd   0x12  Code  Gb  system_stm32h7xx.o [1]
FDCAN1_IT0_IRQHandler    0x800'b2f1         Code  Wk  startup_stm32h750xx.o [3]
FDCAN1_IT1_IRQHandler    0x800'b2f9         Code  Wk  startup_stm32h750xx.o [3]
FDCAN2_IT0_IRQHandler    0x800'b2f5         Code  Wk  startup_stm32h750xx.o [3]
FDCAN2_IT1_IRQHandler    0x800'b2fd         Code  Wk  startup_stm32h750xx.o [3]
FDCAN_CAL_IRQHandler     0x800'b399         Code  Wk  startup_stm32h750xx.o [3]
FLASH_IRQHandler         0x800'b2b9         Code  Wk  startup_stm32h750xx.o [3]
FMC_IRQHandler           0x800'b35d         Code  Wk  startup_stm32h750xx.o [3]
FPU_IRQHandler           0x800'b3d1         Code  Wk  startup_stm32h750xx.o [3]
GUI_DrawPoint            0x800'ab39   0x12  Code  Gb  GUI.o [4]
Get_Days_In_Current_Stage
                         0x800'70db    0x8  Code  Gb  BT_RTC_PWM.o [4]
Get_Next_Job_Time        0x800'70e3   0xbe  Code  Gb  BT_RTC_PWM.o [4]
Get_PWM_Status           0x800'70d3    0x8  Code  Gb  BT_RTC_PWM.o [4]
Gui_StrCenter            0x800'ae59   0x3c  Code  Gb  GUI.o [4]
HAL_DMA_Abort            0x800'0999  0x360  Code  Gb  stm32h7xx_hal_dma.o [5]
HAL_DMA_Abort_IT         0x800'0d19  0x244  Code  Gb  stm32h7xx_hal_dma.o [5]
HAL_DMA_GetError         0x800'1751    0x4  Code  Gb  stm32h7xx_hal_dma.o [5]
HAL_DMA_IRQHandler       0x800'0fdd  0x726  Code  Gb  stm32h7xx_hal_dma.o [5]
HAL_DMA_Init             0x800'0299  0x3aa  Code  Gb  stm32h7xx_hal_dma.o [5]
HAL_DMA_Start_IT         0x800'067f  0x28c  Code  Gb  stm32h7xx_hal_dma.o [5]
HAL_Delay                0x800'a421   0x28  Code  Wk  stm32h7xx_hal.o [5]
HAL_GPIO_Init            0x800'6eb1  0x1ca  Code  Gb  stm32h7xx_hal_gpio.o [5]
HAL_GPIO_ReadPin         0x800'707b    0xc  Code  Gb  stm32h7xx_hal_gpio.o [5]
HAL_GPIO_WritePin        0x800'7087    0x8  Code  Gb  stm32h7xx_hal_gpio.o [5]
HAL_GetREVID             0x800'7747    0x8  Code  Gb  stm32h7xx_hal.o [5]
HAL_GetTick              0x800'1b01    0xc  Code  Wk  stm32h7xx_hal.o [5]
HAL_IncTick              0x800'b0c9   0x10  Code  Wk  stm32h7xx_hal.o [5]
HAL_Init                 0x800'76fd   0x4a  Code  Gb  stm32h7xx_hal.o [5]
HAL_InitTick             0x800'3d69   0x44  Code  Wk  stm32h7xx_hal.o [5]
HAL_MDMA_Abort           0x800'aabd   0x6e  Code  Gb  stm32h7xx_hal_mdma.o [5]
HAL_MPU_ConfigRegion     0x800'3e7d   0x4a  Code  Gb  stm32h7xx_hal_cortex.o [5]
HAL_MPU_Disable          0x800'3e4f   0x14  Code  Gb  stm32h7xx_hal_cortex.o [5]
HAL_MPU_Enable           0x800'3e63   0x1a  Code  Gb  stm32h7xx_hal_cortex.o [5]
HAL_MspInit              0x800'63e9   0x1c  Code  Gb  stm32h7xx_hal_msp.o [2]
HAL_NVIC_EnableIRQ       0x800'3e15   0x16  Code  Gb  stm32h7xx_hal_cortex.o [5]
HAL_NVIC_SetPriority     0x800'3ddb   0x3a  Code  Gb  stm32h7xx_hal_cortex.o [5]
HAL_NVIC_SetPriorityGrouping
                         0x800'3dc7   0x14  Code  Gb  stm32h7xx_hal_cortex.o [5]
HAL_PWREx_ConfigSupply   0x800'a449   0x40  Code  Gb  stm32h7xx_hal_pwr_ex.o [5]
HAL_PWR_EnableBkUpAccess
                         0x800'a499    0xc  Code  Gb  stm32h7xx_hal_pwr.o [5]
HAL_QSPI_Abort           0x800'8371   0x8c  Code  Gb  stm32h7xx_hal_qspi.o [5]
HAL_QSPI_AutoPolling     0x800'824d   0x8a  Code  Gb  stm32h7xx_hal_qspi.o [5]
HAL_QSPI_Command         0x800'8061   0x70  Code  Gb  stm32h7xx_hal_qspi.o [5]
HAL_QSPI_Init            0x800'7fbd   0x94  Code  Gb  stm32h7xx_hal_qspi.o [5]
HAL_QSPI_MemoryMapped    0x800'82ff   0x6c  Code  Gb  stm32h7xx_hal_qspi.o [5]
HAL_QSPI_MspInit         0x800'6405   0xdc  Code  Gb  stm32h7xx_hal_msp.o [2]
HAL_QSPI_Receive         0x800'8181   0xc2  Code  Gb  stm32h7xx_hal_qspi.o [5]
HAL_QSPI_Transmit        0x800'80d1   0xb0  Code  Gb  stm32h7xx_hal_qspi.o [5]
HAL_RCCEx_GetD3PCLK1Freq
                         0x800'34a5    0xa  Code  Gb  stm32h7xx_hal_rcc_ex.o [5]
HAL_RCCEx_GetPLL2ClockFreq
                         0x800'34c5   0x58  Code  Gb  stm32h7xx_hal_rcc_ex.o [5]
HAL_RCCEx_GetPLL3ClockFreq
                         0x800'351d   0x58  Code  Gb  stm32h7xx_hal_rcc_ex.o [5]
HAL_RCCEx_PeriphCLKConfig
                         0x800'2cb9  0x7be  Code  Gb  stm32h7xx_hal_rcc_ex.o [5]
HAL_RCC_ClockConfig      0x800'39a9  0x1bc  Code  Gb  stm32h7xx_hal_rcc.o [5]
HAL_RCC_GetHCLKFreq      0x800'3caf   0x30  Code  Gb  stm32h7xx_hal_rcc.o [5]
HAL_RCC_GetPCLK1Freq     0x800'3cdf   0x10  Code  Gb  stm32h7xx_hal_rcc.o [5]
HAL_RCC_GetPCLK2Freq     0x800'3cef    0xe  Code  Gb  stm32h7xx_hal_rcc.o [5]
HAL_RCC_GetSysClockFreq
                         0x800'3bb1   0xf0  Code  Gb  stm32h7xx_hal_rcc.o [5]
HAL_RCC_OscConfig        0x800'a4a9  0x514  Code  Wk  stm32h7xx_hal_rcc.o [5]
HAL_RTCEx_BKUPRead       0x800'8abf    0xe  Code  Gb  stm32h7xx_hal_rtc_ex.o [5]
HAL_RTCEx_BKUPWrite      0x800'8ab1    0xe  Code  Gb  stm32h7xx_hal_rtc_ex.o [5]
HAL_RTC_GetDate          0x800'87b1   0x34  Code  Gb  stm32h7xx_hal_rtc.o [5]
HAL_RTC_GetTime          0x800'86db   0x3c  Code  Gb  stm32h7xx_hal_rtc.o [5]
HAL_RTC_Init             0x800'8575   0xa0  Code  Gb  stm32h7xx_hal_rtc.o [5]
HAL_RTC_MspInit          0x800'64ef   0x42  Code  Gb  stm32h7xx_hal_msp.o [2]
HAL_RTC_SetAlarm         0x800'8811   0xc4  Code  Gb  stm32h7xx_hal_rtc.o [5]
HAL_RTC_SetDate          0x800'8717   0x9a  Code  Gb  stm32h7xx_hal_rtc.o [5]
HAL_RTC_SetTime          0x800'8615   0xc6  Code  Gb  stm32h7xx_hal_rtc.o [5]
HAL_RTC_WaitForSynchro   0x800'89c7   0x2e  Code  Gb  stm32h7xx_hal_rtc.o [5]
HAL_SPI_ErrorCallback    0x800'aab9    0x2  Code  Wk  stm32h7xx_hal_spi.o [5]
HAL_SPI_GetState         0x800'7e41    0x6  Code  Gb  stm32h7xx_hal_spi.o [5]
HAL_SPI_IRQHandler       0x800'7c53  0x1e6  Code  Gb  stm32h7xx_hal_spi.o [5]
HAL_SPI_Init             0x800'7765  0x154  Code  Gb  stm32h7xx_hal_spi.o [5]
HAL_SPI_MspInit          0x800'6531  0x12c  Code  Gb  stm32h7xx_hal_msp.o [2]
HAL_SPI_RxCpltCallback   0x800'aa0b    0x2  Code  Wk  stm32h7xx_hal_spi.o [5]
HAL_SPI_SuspendCallback
                         0x800'aa07    0x2  Code  Wk  stm32h7xx_hal_spi.o [5]
HAL_SPI_Transmit         0x800'78b9  0x1aa  Code  Gb  stm32h7xx_hal_spi.o [5]
HAL_SPI_Transmit_DMA     0x800'7ae1   0xf8  Code  Gb  stm32h7xx_hal_spi.o [5]
HAL_SPI_TxCpltCallback   0x800'aa0d   0x1a  Code  Gb  SPI.o [4]
HAL_SPI_TxHalfCpltCallback
                         0x800'aabb    0x2  Code  Wk  stm32h7xx_hal_spi.o [5]
HAL_SPI_TxRxCpltCallback
                         0x800'aa09    0x2  Code  Wk  stm32h7xx_hal_spi.o [5]
HAL_SYSTICK_Config       0x800'3e2b   0x24  Code  Gb  stm32h7xx_hal_cortex.o [5]
HAL_TIMEx_MasterConfigSynchronization
                         0x800'8acd   0x82  Code  Gb  stm32h7xx_hal_tim_ex.o [5]
HAL_TIM_Base_Init        0x800'5b71   0x1a  Code  Gb  stm32h7xx_hal_tim.o [5]
HAL_TIM_Base_MspInit     0x800'667d   0x22  Code  Gb  stm32h7xx_hal_msp.o [2]
HAL_TIM_ConfigClockSource
                         0x800'5f11   0xce  Code  Gb  stm32h7xx_hal_tim.o [5]
HAL_TIM_MspPostInit      0x800'669f   0x3c  Code  Gb  stm32h7xx_hal_msp.o [2]
HAL_TIM_PWM_ConfigChannel
                         0x800'5df3  0x110  Code  Gb  stm32h7xx_hal_tim.o [5]
HAL_TIM_PWM_Init         0x800'5bf5   0x1a  Code  Gb  stm32h7xx_hal_tim.o [5]
HAL_TIM_PWM_MspInit      0x800'67a9    0x2  Code  Wk  stm32h7xx_hal_tim.o [5]
HAL_TIM_PWM_Start        0x800'5c1f   0xd6  Code  Gb  stm32h7xx_hal_tim.o [5]
HAL_TIM_PWM_Stop         0x800'5d21   0x78  Code  Gb  stm32h7xx_hal_tim.o [5]
HAL_UARTEx_DisableFifoMode
                         0x800'8b6d   0x3a  Code  Gb  stm32h7xx_hal_uart_ex.o [5]
HAL_UARTEx_RxEventCallback
                         0x800'aebf    0x2  Code  Wk  stm32h7xx_hal_uart.o [5]
HAL_UARTEx_RxFifoFullCallback
                         0x800'af1f    0x2  Code  Wk  stm32h7xx_hal_uart_ex.o [5]
HAL_UARTEx_SetRxFifoThreshold
                         0x800'8bbd   0x14  Code  Gb  stm32h7xx_hal_uart_ex.o [5]
HAL_UARTEx_SetTxFifoThreshold
                         0x800'8ba7   0x16  Code  Gb  stm32h7xx_hal_uart_ex.o [5]
HAL_UARTEx_TxFifoEmptyCallback
                         0x800'b17f    0x2  Code  Wk  stm32h7xx_hal_uart_ex.o [5]
HAL_UARTEx_WakeupCallback
                         0x800'aed3    0x2  Code  Wk  stm32h7xx_hal_uart_ex.o [5]
HAL_UART_AbortCpltCallback
                         0x800'8573    0x2  Code  Wk  stm32h7xx_hal_uart.o [5]
HAL_UART_AbortReceiveCpltCallback
                         0x800'ab37    0x2  Code  Wk  stm32h7xx_hal_uart.o [5]
HAL_UART_AbortTransmitCpltCallback
                         0x800'8aaf    0x2  Code  Wk  stm32h7xx_hal_uart.o [5]
HAL_UART_ErrorCallback   0x800'67bf    0x2  Code  Wk  stm32h7xx_hal_uart.o [5]
HAL_UART_IRQHandler      0x800'1cdd  0x366  Code  Gb  stm32h7xx_hal_uart.o [5]
HAL_UART_Init            0x800'1b0d   0x3c  Code  Gb  stm32h7xx_hal_uart.o [5]
HAL_UART_MspInit         0x800'66db   0x74  Code  Gb  stm32h7xx_hal_msp.o [2]
HAL_UART_Receive_IT      0x800'1c43   0x26  Code  Gb  stm32h7xx_hal_uart.o [5]
HAL_UART_RxCpltCallback
                         0x800'67c1   0x10  Code  Gb  main.o [2]
HAL_UART_RxHalfCpltCallback
                         0x800'67ab    0x2  Code  Wk  stm32h7xx_hal_uart.o [5]
HAL_UART_Transmit        0x800'1ba3   0xa0  Code  Gb  stm32h7xx_hal_uart.o [5]
HAL_UART_TxCpltCallback
                         0x800'50e7    0x2  Code  Wk  stm32h7xx_hal_uart.o [5]
HAL_UART_TxHalfCpltCallback
                         0x800'50f7    0x2  Code  Wk  stm32h7xx_hal_uart.o [5]
HASH_RNG_IRQHandler      0x800'b3cd         Code  Wk  startup_stm32h750xx.o [3]
HRTIM1_FLT_IRQHandler    0x800'b43d         Code  Wk  startup_stm32h750xx.o [3]
HRTIM1_Master_IRQHandler
                         0x800'b425         Code  Wk  startup_stm32h750xx.o [3]
HRTIM1_TIMA_IRQHandler   0x800'b429         Code  Wk  startup_stm32h750xx.o [3]
HRTIM1_TIMB_IRQHandler   0x800'b42d         Code  Wk  startup_stm32h750xx.o [3]
HRTIM1_TIMC_IRQHandler   0x800'b431         Code  Wk  startup_stm32h750xx.o [3]
HRTIM1_TIMD_IRQHandler   0x800'b435         Code  Wk  startup_stm32h750xx.o [3]
HRTIM1_TIME_IRQHandler   0x800'b439         Code  Wk  startup_stm32h750xx.o [3]
HSEM1_IRQHandler         0x800'b479         Code  Wk  startup_stm32h750xx.o [3]
Handle_Touch             0x800'a08f   0x70  Code  Gb  App_UI.o [4]
HardFault_Handler        0x800'b06d   0x12  Code  Gb  stm32h7xx_it.o [2]
HardFault_Handler_C      0x800'b00d   0x14  Code  Gb  stm32h7xx_it.o [2]
I2C1_ER_IRQHandler       0x800'b325         Code  Wk  startup_stm32h750xx.o [3]
I2C1_EV_IRQHandler       0x800'b321         Code  Wk  startup_stm32h750xx.o [3]
I2C2_ER_IRQHandler       0x800'b32d         Code  Wk  startup_stm32h750xx.o [3]
I2C2_EV_IRQHandler       0x800'b329         Code  Wk  startup_stm32h750xx.o [3]
I2C3_ER_IRQHandler       0x800'b3b1         Code  Wk  startup_stm32h750xx.o [3]
I2C3_EV_IRQHandler       0x800'b3ad         Code  Wk  startup_stm32h750xx.o [3]
I2C4_ER_IRQHandler       0x800'b409         Code  Wk  startup_stm32h750xx.o [3]
I2C4_EV_IRQHandler       0x800'b405         Code  Wk  startup_stm32h750xx.o [3]
JPEG_IRQHandler          0x800'b46d         Code  Wk  startup_stm32h750xx.o [3]
LCD_Clear                0x800'9091   0x72  Code  Gb  lcd.o [4]
LCD_Clear_DMA            0x800'9e59   0x1e  Code  Gb  App_UI.o [4]
LCD_DrawLine             0x800'937f   0x78  Code  Gb  lcd.o [4]
LCD_DrawPoint            0x800'907f   0x12  Code  Gb  lcd.o [4]
LCD_DrawRectangle        0x800'ab4b   0x3a  Code  Gb  GUI.o [4]
LCD_Fill_DMA             0x800'9dfb   0x5e  Code  Gb  App_UI.o [4]
LCD_Init                 0x800'912d  0x1e8  Code  Gb  lcd.o [4]
LCD_RESET                0x800'9103   0x20  Code  Gb  lcd.o [4]
LCD_SetCursor            0x800'9379    0x6  Code  Gb  lcd.o [4]
LCD_SetWindows           0x800'931d   0x58  Code  Gb  lcd.o [4]
LCD_ShowChar             0x800'ac89  0x112  Code  Gb  GUI.o [4]
LCD_WR_DATA              0x800'901b    0x8  Code  Gb  lcd.o [4]
LCD_WR_REG               0x800'9011    0xa  Code  Gb  lcd.o [4]
LCD_WriteReg             0x800'904f   0x10  Code  Gb  lcd.o [4]
LCD_direction            0x800'93f9   0x4c  Code  Gb  lcd.o [4]
LPTIM1_IRQHandler        0x800'b3fd         Code  Wk  startup_stm32h750xx.o [3]
LPTIM2_IRQHandler        0x800'b4a9         Code  Wk  startup_stm32h750xx.o [3]
LPTIM3_IRQHandler        0x800'b4ad         Code  Wk  startup_stm32h750xx.o [3]
LPTIM4_IRQHandler        0x800'b4b1         Code  Wk  startup_stm32h750xx.o [3]
LPTIM5_IRQHandler        0x800'b4b5         Code  Wk  startup_stm32h750xx.o [3]
LPUART1_IRQHandler       0x800'b4b9         Code  Wk  startup_stm32h750xx.o [3]
LTDC_ER_IRQHandler       0x800'b3ed         Code  Wk  startup_stm32h750xx.o [3]
LTDC_IRQHandler          0x800'b3e9         Code  Wk  startup_stm32h750xx.o [3]
Lcd_WriteData_16Bit      0x800'905f   0x16  Code  Gb  lcd.o [4]
Load_Config              0x800'71a1   0x7c  Code  Gb  BT_RTC_PWM.o [4]
Load_Schedule_State      0x800'761b   0x48  Code  Gb  BT_RTC_PWM.o [4]
MDIOS_IRQHandler         0x800'b469         Code  Wk  startup_stm32h750xx.o [3]
MDIOS_WKUP_IRQHandler    0x800'b465         Code  Wk  startup_stm32h750xx.o [3]
MDMA_IRQHandler          0x800'b471         Code  Wk  startup_stm32h750xx.o [3]
MemManage_Handler        0x800'b081   0x12  Code  Gb  stm32h7xx_it.o [2]
MemManage_Handler_C      0x800'b021   0x48  Code  Gb  stm32h7xx_it.o [2]
NMI_Handler              0x800'b069    0x2  Code  Gb  stm32h7xx_it.o [2]
OTG_FS_EP1_IN_IRQHandler
                         0x800'b415         Code  Wk  startup_stm32h750xx.o [3]
OTG_FS_EP1_OUT_IRQHandler
                         0x800'b411         Code  Wk  startup_stm32h750xx.o [3]
OTG_FS_IRQHandler        0x800'b41d         Code  Wk  startup_stm32h750xx.o [3]
OTG_FS_WKUP_IRQHandler   0x800'b419         Code  Wk  startup_stm32h750xx.o [3]
OTG_HS_EP1_IN_IRQHandler
                         0x800'b3b9         Code  Wk  startup_stm32h750xx.o [3]
OTG_HS_EP1_OUT_IRQHandler
                         0x800'b3b5         Code  Wk  startup_stm32h750xx.o [3]
OTG_HS_IRQHandler        0x800'b3c1         Code  Wk  startup_stm32h750xx.o [3]
OTG_HS_WKUP_IRQHandler   0x800'b3bd         Code  Wk  startup_stm32h750xx.o [3]
POINT_COLOR             0x2000'06c0    0x2  Data  Gb  lcd.o [4]
PVD_AVD_IRQHandler       0x800'b2ad         Code  Wk  startup_stm32h750xx.o [3]
PWM_SetFrequency         0x800'7595   0x2c  Code  Gb  BT_RTC_PWM.o [4]
PendSV_Handler           0x800'b09b    0x2  Code  Gb  stm32h7xx_it.o [2]
QSPI_Config              0x800'844f  0x10a  Code  Lc  stm32h7xx_hal_qspi.o [5]
QSPI_W25Qxx_AutoPollingMemReady
                         0x800'8c7d   0x4e  Code  Gb  qspi_w25q64.o [4]
QSPI_W25Qxx_Init         0x800'8c61   0x1c  Code  Gb  qspi_w25q64.o [4]
QSPI_W25Qxx_MemoryMappedMode
                         0x800'8d81   0x4c  Code  Gb  qspi_w25q64.o [4]
QSPI_W25Qxx_ReadBuffer   0x800'8f61   0x64  Code  Gb  qspi_w25q64.o [4]
QSPI_W25Qxx_ReadID       0x800'8d27   0x5a  Code  Gb  qspi_w25q64.o [4]
QSPI_W25Qxx_Reset        0x800'8ccb   0x5c  Code  Gb  qspi_w25q64.o [4]
QSPI_W25Qxx_SectorErase
                         0x800'8e41    0xc  Code  Gb  qspi_w25q64.o [4]
QSPI_W25Qxx_WriteBuffer
                         0x800'8f1b   0x46  Code  Gb  qspi_w25q64.o [4]
QSPI_W25Qxx_WriteEnable
                         0x800'8dcd   0x6a  Code  Gb  qspi_w25q64.o [4]
QSPI_W25Qxx_WritePage    0x800'8ea3   0x70  Code  Gb  qspi_w25q64.o [4]
QSPI_WaitFlagStateUntilTimeout
                         0x800'8405   0x4a  Code  Lc  stm32h7xx_hal_qspi.o [5]
QUADSPI_IRQHandler       0x800'b3f9         Code  Wk  startup_stm32h750xx.o [3]
RCCEx_PLL2_Config        0x800'36a5   0xb0  Code  Lc  stm32h7xx_hal_rcc_ex.o [5]
RCCEx_PLL3_Config        0x800'3755   0xb0  Code  Lc  stm32h7xx_hal_rcc_ex.o [5]
RCC_IRQHandler           0x800'b2bd         Code  Wk  startup_stm32h750xx.o [3]
RTC_Alarm_IRQHandler     0x800'b345         Code  Wk  startup_stm32h750xx.o [3]
RTC_ByteToBcd2           0x800'8a99   0x16  Code  Gb  stm32h7xx_hal_rtc.o [5]
RTC_EnterInitMode        0x800'89f5   0x42  Code  Gb  stm32h7xx_hal_rtc.o [5]
RTC_ExitInitMode         0x800'8a37   0x4c  Code  Gb  stm32h7xx_hal_rtc.o [5]
RTC_SetDateTime          0x800'753b   0x5a  Code  Gb  BT_RTC_PWM.o [4]
RTC_WKUP_IRQHandler      0x800'b2b5         Code  Wk  startup_stm32h750xx.o [3]
Region$$Table$$Base      0x800'b1bc          --   Gb  - Linker created -
Region$$Table$$Limit     0x800'b1e4          --   Gb  - Linker created -
Reset_Handler            0x800'b225         Code  Wk  startup_stm32h750xx.o [3]
SAI1_IRQHandler          0x800'b3e5         Code  Wk  startup_stm32h750xx.o [3]
SAI2_IRQHandler          0x800'b3f5         Code  Wk  startup_stm32h750xx.o [3]
SAI3_IRQHandler          0x800'b451         Code  Wk  startup_stm32h750xx.o [3]
SAI4_IRQHandler          0x800'b4c5         Code  Wk  startup_stm32h750xx.o [3]
SDMMC1_IRQHandler        0x800'b361         Code  Wk  startup_stm32h750xx.o [3]
SDMMC2_IRQHandler        0x800'b475         Code  Wk  startup_stm32h750xx.o [3]
SPDIF_RX_IRQHandler      0x800'b40d         Code  Wk  startup_stm32h750xx.o [3]
SPI1_IRQHandler          0x800'b331         Code  Wk  startup_stm32h750xx.o [3]
SPI2_IRQHandler          0x800'b335         Code  Wk  startup_stm32h750xx.o [3]
SPI3_IRQHandler          0x800'b369         Code  Wk  startup_stm32h750xx.o [3]
SPI4_IRQHandler          0x800'b0ad    0x6  Code  Gb  stm32h7xx_it.o [2]
SPI5_IRQHandler          0x800'b3dd         Code  Wk  startup_stm32h750xx.o [3]
SPI6_IRQHandler          0x800'b3e1         Code  Wk  startup_stm32h750xx.o [3]
SPI_CloseTransfer        0x800'7ebd   0xb8  Code  Lc  stm32h7xx_hal_spi.o [5]
SPI_DMAAbortOnError      0x800'7ea1   0x14  Code  Lc  stm32h7xx_hal_spi.o [5]
SPI_DMAError             0x800'7e75   0x2a  Code  Lc  stm32h7xx_hal_spi.o [5]
SPI_DMAHalfTransmitCplt
                         0x800'7e6d    0x6  Code  Lc  stm32h7xx_hal_spi.o [5]
SPI_DMATransmitCplt      0x800'7e49   0x24  Code  Lc  stm32h7xx_hal_spi.o [5]
SPI_WaitOnFlagUntilTimeout
                         0x800'7f7d   0x40  Code  Lc  stm32h7xx_hal_spi.o [5]
SPIv_DMA_Wait            0x800'aa85   0x1a  Code  Gb  SPI.o [4]
SPIv_WriteData           0x800'aa27   0x12  Code  Gb  SPI.o [4]
SPIv_WriteDataBuffer_DMA
                         0x800'aa39   0x4c  Code  Gb  SPI.o [4]
SVC_Handler              0x800'b097    0x2  Code  Gb  stm32h7xx_it.o [2]
SWPMI1_IRQHandler        0x800'b455         Code  Wk  startup_stm32h750xx.o [3]
Save_Schedule_State      0x800'75c1   0x4c  Code  Gb  BT_RTC_PWM.o [4]
Schedule_Task            0x800'721d  0x168  Code  Gb  BT_RTC_PWM.o [4]
Set_Schedule_Progress    0x800'760d    0xe  Code  Gb  BT_RTC_PWM.o [4]
Show_Image_QSPI          0x800'a029   0x50  Code  Gb  App_UI.o [4]
Show_Str                 0x800'ad9b   0xbe  Code  Gb  GUI.o [4]
SysTick_Handler          0x800'b09d    0x4  Code  Gb  stm32h7xx_it.o [2]
SystemClock_Config       0x800'6d7b   0xe0  Code  Gb  main.o [2]
SystemCoreClock         0x2000'00b0    0x4  Data  Gb  system_stm32h7xx.o [1]
SystemD2Clock           0x2000'00b4    0x4  Data  Gb  system_stm32h7xx.o [1]
SystemInit               0x800'af21   0x9a  Code  Gb  system_stm32h7xx.o [1]
TAMP_STAMP_IRQHandler    0x800'b2b1         Code  Wk  startup_stm32h750xx.o [3]
TIM15_IRQHandler         0x800'b459         Code  Wk  startup_stm32h750xx.o [3]
TIM16_IRQHandler         0x800'b45d         Code  Wk  startup_stm32h750xx.o [3]
TIM17_IRQHandler         0x800'b461         Code  Wk  startup_stm32h750xx.o [3]
TIM1_BRK_IRQHandler      0x800'b305         Code  Wk  startup_stm32h750xx.o [3]
TIM1_CC_IRQHandler       0x800'b311         Code  Wk  startup_stm32h750xx.o [3]
TIM1_TRG_COM_IRQHandler
                         0x800'b30d         Code  Wk  startup_stm32h750xx.o [3]
TIM1_UP_IRQHandler       0x800'b309         Code  Wk  startup_stm32h750xx.o [3]
TIM2_IRQHandler          0x800'b315         Code  Wk  startup_stm32h750xx.o [3]
TIM3_IRQHandler          0x800'b319         Code  Wk  startup_stm32h750xx.o [3]
TIM4_IRQHandler          0x800'b31d         Code  Wk  startup_stm32h750xx.o [3]
TIM5_IRQHandler          0x800'b365         Code  Wk  startup_stm32h750xx.o [3]
TIM6_DAC_IRQHandler      0x800'b375         Code  Wk  startup_stm32h750xx.o [3]
TIM7_IRQHandler          0x800'b379         Code  Wk  startup_stm32h750xx.o [3]
TIM8_BRK_TIM12_IRQHandler
                         0x800'b349         Code  Wk  startup_stm32h750xx.o [3]
TIM8_CC_IRQHandler       0x800'b355         Code  Wk  startup_stm32h750xx.o [3]
TIM8_TRG_COM_TIM14_IRQHandler
                         0x800'b351         Code  Wk  startup_stm32h750xx.o [3]
TIM8_UP_TIM13_IRQHandler
                         0x800'b34d         Code  Wk  startup_stm32h750xx.o [3]
TIM_Base_SetConfig       0x800'5ff3   0xb0  Code  Gb  stm32h7xx_hal_tim.o [5]
TIM_CCxChannelCmd        0x800'63cd   0x1c  Code  Gb  stm32h7xx_hal_tim.o [5]
TIM_ETR_SetConfig        0x800'63b9   0x14  Code  Gb  stm32h7xx_hal_tim.o [5]
TIM_ITRx_SetConfig       0x800'6361   0x10  Code  Lc  stm32h7xx_hal_tim.o [5]
TIM_OC1_SetConfig        0x800'60a3   0x84  Code  Lc  stm32h7xx_hal_tim.o [5]
TIM_OC2_SetConfig        0x800'6127   0x7e  Code  Gb  stm32h7xx_hal_tim.o [5]
TIM_OC3_SetConfig        0x800'61a5   0x72  Code  Lc  stm32h7xx_hal_tim.o [5]
TIM_OC4_SetConfig        0x800'6219   0x4e  Code  Lc  stm32h7xx_hal_tim.o [5]
TIM_OC5_SetConfig        0x800'6267   0x54  Code  Lc  stm32h7xx_hal_tim.o [5]
TIM_OC6_SetConfig        0x800'62bd   0x4e  Code  Lc  stm32h7xx_hal_tim.o [5]
TIM_TI1_ConfigInputStage
                         0x800'6319   0x1e  Code  Lc  stm32h7xx_hal_tim.o [5]
TIM_TI2_ConfigInputStage
                         0x800'633d   0x24  Code  Lc  stm32h7xx_hal_tim.o [5]
TP_Adjust                0x800'97d9  0x364  Code  Gb  touch.o [4]
TP_Drow_Touch_Point      0x800'9611   0x6c  Code  Gb  touch.o [4]
TP_Get_Adjdata           0x800'977b   0x5c  Code  Gb  touch.o [4]
TP_Init                  0x800'9bc1   0x9a  Code  Gb  touch.o [4]
TP_Read_AD               0x800'9491   0x84  Code  Gb  touch.o [4]
TP_Read_XOY              0x800'9521   0x58  Code  Gb  touch.o [4]
TP_Read_XY               0x800'9579   0x20  Code  Gb  touch.o [4]
TP_Read_XY2              0x800'9599   0x78  Code  Gb  touch.o [4]
TP_Save_Adjdata          0x800'9731   0x4a  Code  Gb  touch.o [4]
TP_Scan                  0x800'9687   0x94  Code  Gb  touch.o [4]
TP_Write_Byte            0x800'9455   0x32  Code  Gb  touch.o [4]
UART4_IRQHandler         0x800'b36d         Code  Wk  startup_stm32h750xx.o [3]
UART5_IRQHandler         0x800'b371         Code  Wk  startup_stm32h750xx.o [3]
UART7_IRQHandler         0x800'b3d5         Code  Wk  startup_stm32h750xx.o [3]
UART8_IRQHandler         0x800'b3d9         Code  Wk  startup_stm32h750xx.o [3]
UARTEx_SetNbDataToProcess
                         0x800'8c11   0x3e  Code  Lc  stm32h7xx_hal_uart_ex.o [5]
UARTEx_SetNbDataToProcess::denominator
                         0x800'8c58    0x8  Data  Lc  stm32h7xx_hal_uart_ex.o [5]
UARTEx_SetNbDataToProcess::numerator
                         0x800'8c50    0x8  Data  Lc  stm32h7xx_hal_uart_ex.o [5]
UARTPrescTable           0x800'24a4   0x18  Data  Gb  stm32h7xx_hal_uart.o [5]
UART_AdvFeatureConfig    0x800'24d5   0xc8  Code  Gb  stm32h7xx_hal_uart.o [5]
UART_CheckIdleState      0x800'259d   0x94  Code  Gb  stm32h7xx_hal_uart.o [5]
UART_DMAAbortOnError     0x800'28c9    0xe  Code  Lc  stm32h7xx_hal_uart.o [5]
UART_EndRxTransfer       0x800'2805   0x34  Code  Lc  stm32h7xx_hal_uart.o [5]
UART_InitCallbacksToDefault
                         0x800'2069   0x4c  Code  Gb  stm32h7xx_hal_uart.o [5]
UART_RxISR_16BIT         0x800'2941   0x52  Code  Lc  stm32h7xx_hal_uart.o [5]
UART_RxISR_16BIT_FIFOEN
                         0x800'2b11   0xa0  Code  Lc  stm32h7xx_hal_uart.o [5]
UART_RxISR_8BIT          0x800'28d9   0x52  Code  Lc  stm32h7xx_hal_uart.o [5]
UART_RxISR_8BIT_FIFOEN   0x800'2a39   0xa0  Code  Lc  stm32h7xx_hal_uart.o [5]
UART_SetConfig           0x800'20cd  0x39e  Code  Gb  stm32h7xx_hal_uart.o [5]
UART_Start_Receive_IT    0x800'26f3  0x108  Code  Gb  stm32h7xx_hal_uart.o [5]
UART_WaitOnFlagUntilTimeout
                         0x800'2661   0x92  Code  Gb  stm32h7xx_hal_uart.o [5]
USART1_IRQHandler        0x800'b0a7    0x6  Code  Gb  stm32h7xx_it.o [2]
USART2_IRQHandler        0x800'b339         Code  Wk  startup_stm32h750xx.o [3]
USART3_IRQHandler        0x800'b33d         Code  Wk  startup_stm32h750xx.o [3]
USART6_IRQHandler        0x800'b3a9         Code  Wk  startup_stm32h750xx.o [3]
Update_Config_Screen     0x800'a1a9  0x10a  Code  Gb  App_UI.o [4]
UsageFault_Handler       0x800'b095    0x2  Code  Gb  stm32h7xx_it.o [2]
WAKEUP_PIN_IRQHandler    0x800'b4c9         Code  Wk  startup_stm32h750xx.o [3]
WWDG_IRQHandler          0x800'b2a9         Code  Wk  startup_stm32h750xx.o [3]
_LC                      0x800'3ee9    0x6  Code  Lc  xprintffull_nomb.o [6]
_LitobFullNoMb           0x800'4bd5  0x114  Code  Lc  xprintffull_nomb.o [6]
_Locale_lconv           0x2000'00e0   0x38  Data  Lc  xlocale_c.o [6]
_PrintfFullNoMb          0x800'3eef  0xcb8  Code  Gb  xprintffull_nomb.o [6]
_PutcharsFullNoMb        0x800'4d41   0x2e  Code  Lc  xprintffull_nomb.o [6]
_SNProut                 0x800'3d4f   0x1a  Code  Gb  xsnprout.o [6]
_SProut                  0x800'4db7    0xa  Code  Gb  xsprout.o [6]
__NVIC_SetPriority       0x800'3dad   0x1a  Code  Lc  stm32h7xx_hal_cortex.o [5]
__aeabi_cdcmple          0x800'4f0d         Code  Gb  DblCmpLe.o [7]
__aeabi_cdrcmple         0x800'4f41         Code  Gb  DblCmpGe.o [7]
__aeabi_d2iz             0x800'5079    0xe  Code  Gb  DblToS32.o [7]
__aeabi_d2uiz            0x800'50b9    0xe  Code  Gb  DblToU32.o [7]
__aeabi_ddiv             0x800'50a7   0x12  Code  Gb  DblDiv.o [7]
__aeabi_dmul             0x800'50d5   0x12  Code  Gb  DblMul.o [7]
__aeabi_dsub             0x800'5095   0x12  Code  Gb  DblSub.o [7]
__aeabi_i2d              0x800'5087    0xe  Code  Gb  S32ToDbl.o [7]
__aeabi_ldiv0            0x800'3d4d         Code  Gb  I64DivZer.o [8]
__aeabi_memclr4          0x800'aa01         Code  Gb  ABImemclr4.o [8]
__aeabi_ui2d             0x800'50c7    0xe  Code  Gb  U32ToDbl.o [7]
__cmain                  0x800'b181         Code  Gb  cmain.o [8]
__exit                   0x800'50f9   0x14  Code  Gb  exit.o [9]
__iar_Fail_s             0x800'4dd9   0x1c  Code  Gb  xfail_s.o [6]
__iar_Memchr             0x800'4e2d         Code  Gb  memchr.o [8]
__iar_Memset4_word       0x800'aeed         Code  Gb  ABImemset48.o [8]
__iar_Memset8_word       0x800'aeed         Code  Gb  ABImemset48.o [8]
__iar_Strchr             0x800'4dc1         Code  Gb  strchr.o [8]
__iar_data_init3         0x800'b111   0x28  Code  Gb  data_init.o [8]
__iar_frexp              0x800'4ea9         Code  Gb  frexp.o [7]
__iar_frexpl             0x800'4ea9         Code  Gb  frexp.o [7]
__iar_init_vfp           0x800'b15d         Code  Gb  fpinit_M.o [7]
__iar_ldexp64            0x800'4f89         Code  Gb  ldexp.o [7]
__iar_packbits_init_single3
                         0x800'396f   0x3a  Code  Gb  packbits_init_single.o [8]
__iar_program_start      0x800'b205         Code  Gb  cstartup_M.o [8]
__iar_scalbln64          0x800'4f89         Code  Gb  ldexp.o [7]
__iar_scalbn64           0x800'4f89         Code  Gb  ldexp.o [7]
__iar_small_Memcpy       0x800'4e89         Code  Gb  ABImemcpy_small.o [8]
__iar_small_Memset       0x800'67ad         Code  Gb  ABImemset_small.o [8]
__iar_small_Memset_word
                         0x800'67ad         Code  Gb  ABImemset_small.o [8]
__iar_small_memcpy       0x800'4e85         Code  Gb  ABImemcpy_small.o [8]
__iar_small_memcpy4      0x800'4e85         Code  Gb  ABImemcpy_small.o [8]
__iar_small_memcpy8      0x800'4e85         Code  Gb  ABImemcpy_small.o [8]
__iar_small_memset       0x800'67ad         Code  Gb  ABImemset_small.o [8]
__iar_small_strlen       0x800'4e19         Code  Gb  strlen_small.o [8]
__iar_small_uldivmod     0x800'3869         Code  Gb  I64DivMod_small.o [8]
__iar_softfp___iar_frexp64
                         0x800'4e9d         Code  Gb  frexp.o [7]
__iar_softfp___iar_ldexp64
                         0x800'4f75         Code  Gb  ldexp.o [7]
__iar_softfp___iar_scalbln64
                         0x800'4f75         Code  Gb  ldexp.o [7]
__iar_softfp___iar_scalbn64
                         0x800'4f75         Code  Gb  ldexp.o [7]
__iar_softfp_frexp       0x800'4e9d         Code  Gb  frexp.o [7]
__iar_softfp_frexpl      0x800'4e9d         Code  Gb  frexp.o [7]
__iar_softfp_ldexp       0x800'4f75         Code  Gb  ldexp.o [7]
__iar_softfp_ldexpl      0x800'4f75         Code  Gb  ldexp.o [7]
__iar_softfp_scalbln     0x800'4f75         Code  Gb  ldexp.o [7]
__iar_softfp_scalblnl    0x800'4f75         Code  Gb  ldexp.o [7]
__iar_softfp_scalbn      0x800'4f75         Code  Gb  ldexp.o [7]
__iar_softfp_scalbnl     0x800'4f75         Code  Gb  ldexp.o [7]
__iar_sqrt64             0x800'aea1         Code  Gb  sqrt.o [7]
__iar_zero_init3         0x800'b0d9   0x38  Code  Gb  zero_init3.o [8]
__low_level_init         0x800'b1a3    0x4  Code  Gb  low_level_init.o [6]
__vector_table           0x800'0000         Data  Gb  startup_stm32h750xx.o [3]
_call_main               0x800'b18d         Code  Gb  cmain.o [8]
_draw_circle_8           0x800'ab85   0x6c  Code  Gb  GUI.o [4]
_exit                    0x800'b1ad         Code  Gb  cexit.o [8]
_exit_2                  0x800'b1b1         Code  Gb  cexit_2.o [8]
abort                    0x800'50f1    0x6  Code  Gb  abort.o [6]
active_config           0x2000'0600   0x44  Data  Gb  BT_RTC_PWM.o [4]
active_config_id        0x2000'011b    0x1  Data  Gb  BT_RTC_PWM.o [4]
active_config_loaded    0x2000'011a    0x1  Data  Gb  BT_RTC_PWM.o [4]
asc2_1206                0x800'510c  0x474  Data  Gb  GUI.o [4]
asc2_1608                0x800'5580  0x5f0  Data  Gb  GUI.o [4]
back_button             0x2000'0018    0xc  Data  Gb  App_UI.o [4]
bt_all_six_ready        0x2000'03c0    0x1  Data  Lc  BT_RTC_PWM.o [4]
bt_last_byte_tick       0x2000'0404    0x4  Data  Lc  BT_RTC_PWM.o [4]
bt_packet_count         0x2000'03bf    0x1  Data  Lc  BT_RTC_PWM.o [4]
bt_packet_lens          0x2000'06b0    0x8  Data  Lc  BT_RTC_PWM.o [4]
bt_packets              0x2000'0408  0x180  Data  Lc  BT_RTC_PWM.o [4]
bt_payload              0x2000'03c4   0x40  Data  Lc  BT_RTC_PWM.o [4]
bt_payload_len          0x2000'03be    0x1  Data  Lc  BT_RTC_PWM.o [4]
bt_rtc_len              0x2000'03c1    0x1  Data  Lc  BT_RTC_PWM.o [4]
bt_rtc_payload          0x2000'0644   0x40  Data  Lc  BT_RTC_PWM.o [4]
bt_rtc_ready            0x2000'03c2    0x1  Data  Lc  BT_RTC_PWM.o [4]
bt_rx_byte              0x2000'03bd    0x1  Data  Lc  BT_RTC_PWM.o [4]
bt_state                0x2000'03bc    0x1  Data  Lc  BT_RTC_PWM.o [4]
cfg_last_days           0x2000'0081    0x1  Data  Lc  App_UI.o [4]
cfg_last_next           0x2000'0084   0x20  Data  Lc  App_UI.o [4]
cfg_last_pwm            0x2000'0082    0x1  Data  Lc  App_UI.o [4]
cfg_last_stage          0x2000'0080    0x1  Data  Lc  App_UI.o [4]
current_screen          0x2000'0015    0x1  Data  Gb  App_UI.o [4]
current_stage_idx       0x2000'011c    0x1  Data  Gb  BT_RTC_PWM.o [4]
days_in_current_stage   0x2000'011d    0x1  Data  Gb  BT_RTC_PWM.o [4]
delay_init               0x800'8fcd    0x6  Code  Gb  delay.o [4]
delay_ms                 0x800'9009    0x8  Code  Gb  delay.o [4]
delay_us                 0x800'8fd3   0x2c  Code  Gb  delay.o [4]
exit                     0x800'b1a7    0x4  Code  Gb  exit.o [6]
fac_us                  0x2000'06b8    0x4  Data  Lc  delay.o [4]
fault_lr_value          0x2000'0698    0x4  Data  Gb  stm32h7xx_it.o [2]
fault_pc_value          0x2000'0694    0x4  Data  Gb  stm32h7xx_it.o [2]
fault_register_bfar     0x2000'0690    0x4  Data  Gb  stm32h7xx_it.o [2]
fault_register_cfsr     0x2000'0684    0x4  Data  Gb  stm32h7xx_it.o [2]
fault_register_hfsr     0x2000'0688    0x4  Data  Gb  stm32h7xx_it.o [2]
fault_register_mmfar    0x2000'068c    0x4  Data  Gb  stm32h7xx_it.o [2]
fault_xpsr_value        0x2000'069c    0x4  Data  Gb  stm32h7xx_it.o [2]
fill_buf                0x2400'03c0  0x3c0  Data  Lc  App_UI.o [4]
gui_circle               0x800'abf9   0x90  Code  Gb  GUI.o [4]
hdma_spi4_tx            0x2000'0588   0x78  Data  Gb  main.o [2]
hqspi                   0x2000'0300   0x4c  Data  Gb  main.o [2]
hrtc                    0x2000'034c   0x24  Data  Gb  main.o [2]
hspi3                   0x2000'0124   0x88  Data  Gb  main.o [2]
hspi4                   0x2000'01ac   0x88  Data  Gb  main.o [2]
htim2                   0x2000'0370   0x4c  Data  Gb  main.o [2]
huart1                  0x2000'0234   0xcc  Data  Gb  main.o [2]
last_checked_day        0x2000'011e    0x1  Data  Lc  BT_RTC_PWM.o [4]
lcddev                  0x2000'06a0   0x10  Data  Gb  lcd.o [4]
ldexp                    0x800'4f89         Code  Gb  ldexp.o [7]
ldexpl                   0x800'4f89         Code  Gb  ldexp.o [7]
localeconv               0x800'50e9    0x4  Code  Gb  xlocale_c.o [6]
main                     0x800'67d1  0x598  Code  Gb  main.o [2]
main_buttons            0x2000'0024   0x48  Data  Gb  App_UI.o [4]
memchr                   0x800'4e2d         Code  Gb  memchr.o [8]
pwm_currently_on        0x2000'011f    0x1  Data  Lc  BT_RTC_PWM.o [4]
redraw                  0x2000'0014    0x1  Data  Gb  App_UI.o [4]
row_buf                 0x2400'0000  0x3c0  Data  Lc  App_UI.o [4]
scalbln                  0x800'4f89         Code  Gb  ldexp.o [7]
scalblnl                 0x800'4f89         Code  Gb  ldexp.o [7]
scalbn                   0x800'4f89         Code  Gb  ldexp.o [7]
scalbnl                  0x800'4f89         Code  Gb  ldexp.o [7]
scale                    0x800'4ce9   0x46  Code  Lc  xprintffull_nomb.o [6]
schedule_armed          0x2000'0120    0x1  Data  Gb  BT_RTC_PWM.o [4]
sec_hand                0x2000'06bc    0x4  Data  Lc  xfail_s.o [6]
snprintf                 0x800'a9bd   0x44  Code  Gb  snprintf.o [6]
spi_dma_busy            0x2000'06c2    0x1  Data  Lc  SPI.o [4]
sprintf                  0x800'a3e1   0x40  Code  Gb  sprintf.o [6]
sqrt                     0x800'aea1         Code  Gb  sqrt.o [7]
sqrtl                    0x800'aea1         Code  Gb  sqrt.o [7]
strchr                   0x800'4dc1         Code  Gb  strchr.o [8]
strcmp                   0x800'aec1         Code  Gb  strcmp.o [8]
strcpy                   0x800'aed5         Code  Gb  strcpy.o [8]
tp_dev                  0x2000'00b8   0x28  Data  Gb  touch.o [4]
uwTick                  0x2000'00a8    0x4  Data  Gb  stm32h7xx_hal.o [5]
uwTickFreq              0x2000'00a4    0x1  Data  Gb  stm32h7xx_hal.o [5]
uwTickPrio              0x2000'00ac    0x4  Data  Gb  stm32h7xx_hal.o [5]
weekday_name             0x800'9c91   0x16  Code  Lc  App_UI.o [4]
weekday_name::names      0x800'b1e4   0x20  Data  Lc  App_UI.o [4]


[1] = D:\dev\workspace\stm32\GreenHouseSTM32h750\EWARM\GreenHouseSTM32h750\Obj\CMSIS_6603591812247902717.dir
[2] = D:\dev\workspace\stm32\GreenHouseSTM32h750\EWARM\GreenHouseSTM32h750\Obj\Core_13247989168731456611.dir
[3] = D:\dev\workspace\stm32\GreenHouseSTM32h750\EWARM\GreenHouseSTM32h750\Obj\EWARM_18443280873093131863.dir
[4] = D:\dev\workspace\stm32\GreenHouseSTM32h750\EWARM\GreenHouseSTM32h750\Obj\MFile_1074774845288626846.dir
[5] = D:\dev\workspace\stm32\GreenHouseSTM32h750\EWARM\GreenHouseSTM32h750\Obj\STM32H7xx_HAL_Driver_12323373487323971647.dir
[6] = dl7M_tlf.a
[7] = m7M_tlv.a
[8] = rt7M_tl.a
[9] = shb_l.a

  43'402 bytes of readonly  code memory
   3'068 bytes of readonly  data memory
  15'938 bytes of readwrite data memory

Errors: none
Warnings: none
